
> velora@0.1.0 build
> next build

Γû▓ Next.js 16.1.6 (Turbopack)

  Creating an optimized production build ...
Γ£ô Compiled successfully in 3.4s
  Running TypeScript ...
npm : Failed to compile.
At line:1 char:1
+ npm run build --workspace apps/web > build_error.log 2>&1
+ ~~~~~~~~~~~~~~~~~~~~~~~~~~~~~~~~~~~~~~~~~~~~~~~~~~~~~~~~~
    + CategoryInfo          : NotSpecified: (Failed to compile.:St 
   ring) [], RemoteException
    + FullyQualifiedErrorId : NativeCommandError
 

.next/dev/types/validator.ts:62:39
Type error: Cannot find module '../../../src/app/diary/page.js' or 
its corresponding type declarations.

[0m [90m 60 |[39m {
 [90m 61 |[39m   type __IsExpected[33m<[39m[33mSpecific[39m 
[36mextends[39m 
[33mAppPageConfig[39m[33m<[39m[32m"/diary"[39m[33m>>[39m 
[33m=[39m [33mSpecific[39m
[31m[1m>[22m[39m[90m 62 |[39m   [36mconst[39m handler 
[33m=[39m {} [36mas[39m [36mtypeof[39m 
[36mimport[39m([32m"../../../src/app/diary/page.js"[39m)
 [90m    |[39m                                       
[31m[1m^[22m[39m
 [90m 63 |[39m   type __Check [33m=[39m 
__IsExpected[33m<[39m[36mtypeof[39m handler[33m>[39m
 [90m 64 |[39m   [90m// @ts-ignore[39m
 [90m 65 |[39m   type __Unused [33m=[39m __Check[0m
Next.js build worker exited with code: 1 and signal: null
npm error Lifecycle script `build` failed with error:
npm error code 1
npm error path C:\Users\ayush\velora\apps\web
npm error workspace velora@0.1.0
npm error location C:\Users\ayush\velora\apps\web
npm error command failed
npm error command C:\Windows\system32\cmd.exe /d /s /c next build
